11/1~{9c4483b1a523e7c00293052111033373,{1,Chet.Shanahan@hotmail.com,20170503010203000+0000,20240913104006000+0000},[{123456789,Licensed Wooden Bacon,Description with special chars: ' ",New,374.90,[Grocery,Games,Baby],20180830020000000+0200,20180902102030000+0000,20180902111213000+0000,{Jewelery,10101010,20180901000102000+0000,20180901105959000+0000},},{987654321,Incredible Granite Hat,,Active,586.21,[Home,Kids,Games],20180830020000000+0200,20180902102030000+0000,20180902111213000+0000,{Jewelery,10101010,20180901000102000+0000,20180901105959000+0000},645},{111111111,Refined Soft Bike,Description with reserved chars: \{\} \[\] \,,Inactive,797.52,[],,20180902102030000+0000,20180902111213000+0000,{Home,20202020,20180901000102000+0000,20180901105959000+0000},13}],999999999,20180903010203000+0000,20180903104006000+0000}
