11/1~[{Licensed Wooden Bacon,[Grocery,Games,Baby],{Jewelery,10101010,20180901000102000+0000,20180901105959000+0000},New,374.90,Description with special chars: ' ",20180830020000000+0200,,123456789,20180902102030000+0000,20180902111213000+0000},{Incredible Granite Hat,[Home,Kids,Games],{Jewelery,10101010,20180901000102000+0000,20180901105959000+0000},Active,586.21,,20180830020000000+0200,645,987654321,20180902102030000+0000,20180902111213000+0000},{Refined Soft Bike,[],{Home,20202020,20180901000102000+0000,20180901105959000+0000},Inactive,797.52,Description with reserved chars: \{\} \[\] \,,,13,111111111,20180902102030000+0000,20180902111213000+0000}]
